Archive member included to satisfy reference by file (symbol)

D:/Apps/STM32CubeIDE/STM32CubeIDE_1.16.1/STM32CubeIDE/plugins/com.st.stm32cube.ide.mcu.externaltools.gnu-tools-for-stm32.12.3.rel1.win32_1.0.200.202406191623/tools/bin/../lib/gcc/arm-none-eabi/12.3.1/../../../../arm-none-eabi/lib/thumb/v7e-m+fp/hard\libc_nano.a(libc_a-exit.o)
                              D:/Apps/STM32CubeIDE/STM32CubeIDE_1.16.1/STM32CubeIDE/plugins/com.st.stm32cube.ide.mcu.externaltools.gnu-tools-for-stm32.12.3.rel1.win32_1.0.200.202406191623/tools/bin/../lib/gcc/arm-none-eabi/12.3.1/../../../../arm-none-eabi/lib/thumb/v7e-m+fp/hard/crt0.o (exit)
D:/Apps/STM32CubeIDE/STM32CubeIDE_1.16.1/STM32CubeIDE/plugins/com.st.stm32cube.ide.mcu.externaltools.gnu-tools-for-stm32.12.3.rel1.win32_1.0.200.202406191623/tools/bin/../lib/gcc/arm-none-eabi/12.3.1/../../../../arm-none-eabi/lib/thumb/v7e-m+fp/hard\libc_nano.a(libc_a-findfp.o)
                              D:/Apps/STM32CubeIDE/STM32CubeIDE_1.16.1/STM32CubeIDE/plugins/com.st.stm32cube.ide.mcu.externaltools.gnu-tools-for-stm32.12.3.rel1.win32_1.0.200.202406191623/tools/bin/../lib/gcc/arm-none-eabi/12.3.1/../../../../arm-none-eabi/lib/thumb/v7e-m+fp/hard\libc_nano.a(libc_a-exit.o) (__stdio_exit_handler)
D:/Apps/STM32CubeIDE/STM32CubeIDE_1.16.1/STM32CubeIDE/plugins/com.st.stm32cube.ide.mcu.externaltools.gnu-tools-for-stm32.12.3.rel1.win32_1.0.200.202406191623/tools/bin/../lib/gcc/arm-none-eabi/12.3.1/../../../../arm-none-eabi/lib/thumb/v7e-m+fp/hard\libc_nano.a(libc_a-fwalk.o)
                              D:/Apps/STM32CubeIDE/STM32CubeIDE_1.16.1/STM32CubeIDE/plugins/com.st.stm32cube.ide.mcu.externaltools.gnu-tools-for-stm32.12.3.rel1.win32_1.0.200.202406191623/tools/bin/../lib/gcc/arm-none-eabi/12.3.1/../../../../arm-none-eabi/lib/thumb/v7e-m+fp/hard\libc_nano.a(libc_a-findfp.o) (_fwalk_sglue)
D:/Apps/STM32CubeIDE/STM32CubeIDE_1.16.1/STM32CubeIDE/plugins/com.st.stm32cube.ide.mcu.externaltools.gnu-tools-for-stm32.12.3.rel1.win32_1.0.200.202406191623/tools/bin/../lib/gcc/arm-none-eabi/12.3.1/../../../../arm-none-eabi/lib/thumb/v7e-m+fp/hard\libc_nano.a(libc_a-stdio.o)
                              D:/Apps/STM32CubeIDE/STM32CubeIDE_1.16.1/STM32CubeIDE/plugins/com.st.stm32cube.ide.mcu.externaltools.gnu-tools-for-stm32.12.3.rel1.win32_1.0.200.202406191623/tools/bin/../lib/gcc/arm-none-eabi/12.3.1/../../../../arm-none-eabi/lib/thumb/v7e-m+fp/hard\libc_nano.a(libc_a-findfp.o) (__sread)
D:/Apps/STM32CubeIDE/STM32CubeIDE_1.16.1/STM32CubeIDE/plugins/com.st.stm32cube.ide.mcu.externaltools.gnu-tools-for-stm32.12.3.rel1.win32_1.0.200.202406191623/tools/bin/../lib/gcc/arm-none-eabi/12.3.1/../../../../arm-none-eabi/lib/thumb/v7e-m+fp/hard\libc_nano.a(libc_a-memset.o)
                              D:/Apps/STM32CubeIDE/STM32CubeIDE_1.16.1/STM32CubeIDE/plugins/com.st.stm32cube.ide.mcu.externaltools.gnu-tools-for-stm32.12.3.rel1.win32_1.0.200.202406191623/tools/bin/../lib/gcc/arm-none-eabi/12.3.1/../../../../arm-none-eabi/lib/thumb/v7e-m+fp/hard/crt0.o (memset)
D:/Apps/STM32CubeIDE/STM32CubeIDE_1.16.1/STM32CubeIDE/plugins/com.st.stm32cube.ide.mcu.externaltools.gnu-tools-for-stm32.12.3.rel1.win32_1.0.200.202406191623/tools/bin/../lib/gcc/arm-none-eabi/12.3.1/../../../../arm-none-eabi/lib/thumb/v7e-m+fp/hard\libc_nano.a(libc_a-strncmp.o)
                              ./Core/Src/main.o (strncmp)
D:/Apps/STM32CubeIDE/STM32CubeIDE_1.16.1/STM32CubeIDE/plugins/com.st.stm32cube.ide.mcu.externaltools.gnu-tools-for-stm32.12.3.rel1.win32_1.0.200.202406191623/tools/bin/../lib/gcc/arm-none-eabi/12.3.1/../../../../arm-none-eabi/lib/thumb/v7e-m+fp/hard\libc_nano.a(libc_a-closer.o)
                              D:/Apps/STM32CubeIDE/STM32CubeIDE_1.16.1/STM32CubeIDE/plugins/com.st.stm32cube.ide.mcu.externaltools.gnu-tools-for-stm32.12.3.rel1.win32_1.0.200.202406191623/tools/bin/../lib/gcc/arm-none-eabi/12.3.1/../../../../arm-none-eabi/lib/thumb/v7e-m+fp/hard\libc_nano.a(libc_a-stdio.o) (_close_r)
D:/Apps/STM32CubeIDE/STM32CubeIDE_1.16.1/STM32CubeIDE/plugins/com.st.stm32cube.ide.mcu.externaltools.gnu-tools-for-stm32.12.3.rel1.win32_1.0.200.202406191623/tools/bin/../lib/gcc/arm-none-eabi/12.3.1/../../../../arm-none-eabi/lib/thumb/v7e-m+fp/hard\libc_nano.a(libc_a-reent.o)
                              D:/Apps/STM32CubeIDE/STM32CubeIDE_1.16.1/STM32CubeIDE/plugins/com.st.stm32cube.ide.mcu.externaltools.gnu-tools-for-stm32.12.3.rel1.win32_1.0.200.202406191623/tools/bin/../lib/gcc/arm-none-eabi/12.3.1/../../../../arm-none-eabi/lib/thumb/v7e-m+fp/hard\libc_nano.a(libc_a-closer.o) (errno)
D:/Apps/STM32CubeIDE/STM32CubeIDE_1.16.1/STM32CubeIDE/plugins/com.st.stm32cube.ide.mcu.externaltools.gnu-tools-for-stm32.12.3.rel1.win32_1.0.200.202406191623/tools/bin/../lib/gcc/arm-none-eabi/12.3.1/../../../../arm-none-eabi/lib/thumb/v7e-m+fp/hard\libc_nano.a(libc_a-impure.o)
[...]
Memory Configuration

Name             Origin             Length             Attributes
RAM              0x20000000         0x00020000         xrw
FLASH            0x08000000         0x00080000         xr
*default*        0x00000000         0xffffffff

Linker script and memory map

LOAD D:/Apps/STM32CubeIDE/STM32CubeIDE_1.16.1/STM32CubeIDE/plugins/com.st.stm32cube.ide.mcu.externaltools.gnu-tools-for-stm32.12.3.rel1.win32_1.0.200.202406191623/tools/bin/../lib/gcc/arm-none-eabi/12.3.1/thumb/v7e-m+fp/hard/crti.o
LOAD D:/Apps/STM32CubeIDE/STM32CubeIDE_1.16.1/STM32CubeIDE/plugins/com.st.stm32cube.ide.mcu.externaltools.gnu-tools-for-stm32.12.3.rel1.win32_1.0.200.202406191623/tools/bin/../lib/gcc/arm-none-eabi/12.3.1/thumb/v7e-m+fp/hard/crtbegin.o
LOAD D:/Apps/STM32CubeIDE/STM32CubeIDE_1.16.1/STM32CubeIDE/plugins/com.st.stm32cube.ide.mcu.externaltools.gnu-tools-for-stm32.12.3.rel1.win32_1.0.200.202406191623/tools/bin/../lib/gcc/arm-none-eabi/12.3.1/../../../../arm-none-eabi/lib/thumb/v7e-m+fp/hard/crt0.o
LOAD ./Core/Src/clock.o
LOAD ./Core/Src/gpio.o
LOAD ./Core/Src/main.o
LOAD ./Core/Src/stm32f4xx_hal_msp.o
LOAD ./Core/Src/stm32f4xx_it.o
LOAD ./Core/Src/syscalls.o
LOAD ./Core/Src/sysmem.o
LOAD ./Core/Src/system_stm32f4xx.o
LOAD ./Core/Src/tim2.o
LOAD ./Core/Src/uart2.o
LOAD ./Core/Startup/startup_stm32f446retx.o
LOAD ./Drivers/STM32F4xx_HAL_Driver/Src/stm32f4xx_hal.o
LOAD ./Drivers/STM32F4xx_HAL_Driver/Src/stm32f4xx_hal_cortex.o
LOAD ./Drivers/STM32F4xx_HAL_Driver/Src/stm32f4xx_hal_dma.o
LOAD ./Drivers/STM32F4xx_HAL_Driver/Src/stm32f4xx_hal_dma_ex.o
LOAD ./Drivers/STM32F4xx_HAL_Driver/Src/stm32f4xx_hal_exti.o
LOAD ./Drivers/STM32F4xx_HAL_Driver/Src/stm32f4xx_hal_flash.o
LOAD ./Drivers/STM32F4xx_HAL_Driver/Src/stm32f4xx_hal_flash_ex.o
LOAD ./Drivers/STM32F4xx_HAL_Driver/Src/stm32f4xx_hal_flash_ramfunc.o
LOAD ./Drivers/STM32F4xx_HAL_Driver/Src/stm32f4xx_hal_gpio.o
LOAD ./Drivers/STM32F4xx_HAL_Driver/Src/stm32f4xx_hal_pwr.o
LOAD ./Drivers/STM32F4xx_HAL_Driver/Src/stm32f4xx_hal_pwr_ex.o
LOAD ./Drivers/STM32F4xx_HAL_Driver/Src/stm32f4xx_hal_rcc.o
LOAD ./Drivers/STM32F4xx_HAL_Driver/Src/stm32f4xx_hal_rcc_ex.o
LOAD ./Drivers/STM32F4xx_HAL_Driver/Src/stm32f4xx_hal_tim.o
LOAD ./Drivers/STM32F4xx_HAL_Driver/Src/stm32f4xx_hal_tim_ex.o
LOAD ./Drivers/STM32F4xx_HAL_Driver/Src/stm32f4xx_hal_uart.o
START GROUP
LOAD D:/Apps/STM32CubeIDE/STM32CubeIDE_1.16.1/STM32CubeIDE/plugins/com.st.stm32cube.ide.mcu.externaltools.gnu-tools-for-stm32.12.3.rel1.win32_1.0.200.202406191623/tools/bin/../lib/gcc/arm-none-eabi/12.3.1/../../../../arm-none-eabi/lib/thumb/v7e-m+fp/hard\libc_nano.a
LOAD D:/Apps/STM32CubeIDE/STM32CubeIDE_1.16.1/STM32CubeIDE/plugins/com.st.stm32cube.ide.mcu.externaltools.gnu-tools-for-stm32.12.3.rel1.win32_1.0.200.202406191623/tools/bin/../lib/gcc/arm-none-eabi/12.3.1/../../../../arm-none-eabi/lib/thumb/v7e-m+fp/hard\libm.a
END GROUP
START GROUP
LOAD D:/Apps/STM32CubeIDE/STM32CubeIDE_1.16.1/STM32CubeIDE/plugins/com.st.stm32cube.ide.mcu.externaltools.gnu-tools-for-stm32.12.3.rel1.win32_1.0.200.202406191623/tools/bin/../lib/gcc/arm-none-eabi/12.3.1/thumb/v7e-m+fp/hard\libgcc.a
LOAD D:/Apps/STM32CubeIDE/STM32CubeIDE_1.16.1/STM32CubeIDE/plugins/com.st.stm32cube.ide.mcu.externaltools.gnu-tools-for-stm32.12.3.rel1.win32_1.0.200.202406191623/tools/bin/../lib/gcc/arm-none-eabi/12.3.1/../../../../arm-none-eabi/lib/thumb/v7e-m+fp/hard\libc_nano.a
END GROUP
START GROUP
LOAD D:/Apps/STM32CubeIDE/STM32CubeIDE_1.16.1/STM32CubeIDE/plugins/com.st.stm32cube.ide.mcu.externaltools.gnu-tools-for-stm32.12.3.rel1.win32_1.0.200.202406191623/tools/bin/../lib/gcc/arm-none-eabi/12.3.1/thumb/v7e-m+fp/hard\libgcc.a
LOAD D:/Apps/STM32CubeIDE/STM32CubeIDE_1.16.1/STM32CubeIDE/plugins/com.st.stm32cube.ide.mcu.externaltools.gnu-tools-for-stm32.12.3.rel1.win32_1.0.200.202406191623/tools/bin/../lib/gcc/arm-none-eabi/12.3.1/../../../../arm-none-eabi/lib/thumb/v7e-m+fp/hard\libc_nano.a
LOAD D:/Apps/STM32CubeIDE/STM32CubeIDE_1.16.1/STM32CubeIDE/plugins/com.st.stm32cube.ide.mcu.externaltools.gnu-tools-for-stm32.12.3.rel1.win32_1.0.200.202406191623/tools/bin/../lib/gcc/arm-none-eabi/12.3.1/../../../../arm-none-eabi/lib/thumb/v7e-m+fp/hard\libnosys.a
END GROUP
START GROUP
LOAD D:/Apps/STM32CubeIDE/STM32CubeIDE_1.16.1/STM32CubeIDE/plugins/com.st.stm32cube.ide.mcu.externaltools.gnu-tools-for-stm32.12.3.rel1.win32_1.0.200.202406191623/tools/bin/../lib/gcc/arm-none-eabi/12.3.1/thumb/v7e-m+fp/hard\libgcc.a
LOAD D:/Apps/STM32CubeIDE/STM32CubeIDE_1.16.1/STM32CubeIDE/plugins/com.st.stm32cube.ide.mcu.externaltools.gnu-tools-for-stm32.12.3.rel1.win32_1.0.200.202406191623/tools/bin/../lib/gcc/arm-none-eabi/12.3.1/../../../../arm-none-eabi/lib/thumb/v7e-m+fp/hard\libc_nano.a
LOAD D:/Apps/STM32CubeIDE/STM32CubeIDE_1.16.1/STM32CubeIDE/plugins/com.st.stm32cube.ide.mcu.externaltools.gnu-tools-for-stm32.12.3.rel1.win32_1.0.200.202406191623/tools/bin/../lib/gcc/arm-none-eabi/12.3.1/../../../../arm-none-eabi/lib/thumb/v7e-m+fp/hard\libnosys.a
END GROUP
LOAD D:/Apps/STM32CubeIDE/STM32CubeIDE_1.16.1/STM32CubeIDE/plugins/com.st.stm32cube.ide.mcu.externaltools.gnu-tools-for-stm32.12.3.rel1.win32_1.0.200.202406191623/tools/bin/../lib/gcc/arm-none-eabi/12.3.1/thumb/v7e-m+fp/hard/crtend.o
LOAD D:/Apps/STM32CubeIDE/STM32CubeIDE_1.16.1/STM32CubeIDE/plugins/com.st.stm32cube.ide.mcu.externaltools.gnu-tools-for-stm32.12.3.rel1.win32_1.0.200.202406191623/tools/bin/../lib/gcc/arm-none-eabi/12.3.1/thumb/v7e-m+fp/hard/crtn.o
                0x20020000                        _estack = (ORIGIN (RAM) + LENGTH (RAM))
                0x00000200                        _Min_Heap_Size = 0x200
                0x00000400                        _Min_Stack_Size = 0x400

.isr_vector     0x08000000      0x1c4
                0x08000000                        . = ALIGN (0x4)
 *(.isr_vector)
 .isr_vector    0x08000000      0x1c4 ./Core/Startup/startup_stm32f446retx.o
                0x08000000                g_pfnVectors
                0x080001c4                        . = ALIGN (0x4)

.text           0x080001c4      0xb5c
                0x080001c4                        . = ALIGN (0x4)
 *(.text)
 .text          0x080001c4       0x40 D:/Apps/STM32CubeIDE/STM32CubeIDE_1.16.1/STM32CubeIDE/plugins/com.st.stm32cube.ide.mcu.externaltools.gnu-tools-for-stm32.12.3.rel1.win32_1.0.200.202406191623/tools/bin/../lib/gcc/arm-none-eabi/12.3.1/thumb/v7e-m+fp/hard/crtbegin.o
 .text          0x08000204       0x14 D:/Apps/STM32CubeIDE/STM32CubeIDE_1.16.1/STM32CubeIDE/plugins/com.st.stm32cube.ide.mcu.externaltools.gnu-tools-for-stm32.12.3.rel1.win32_1.0.200.202406191623/tools/bin/../lib/gcc/arm-none-eabi/12.3.1/../../../../arm-none-eabi/lib/thumb/v7e-m+fp/hard\libc_nano.a(libc_a-strcmp.o)
                0x08000204                strcmp
 .text          0x08000218       0x10 D:/Apps/STM32CubeIDE/STM32CubeIDE_1.16.1/STM32CubeIDE/plugins/com.st.stm32cube.ide.mcu.externaltools.gnu-tools-for-stm32.12.3.rel1.win32_1.0.200.202406191623/tools/bin/../lib/gcc/arm-none-eabi/12.3.1/../../../../arm-none-eabi/lib/thumb/v7e-m+fp/hard\libc_nano.a(libc_a-strlen.o)
                0x08000218                strlen
 *(.text*)
 .text.get_sysclk_freq_hz
                0x08000228       0x54 ./Core/Src/clock.o
                0x08000228                get_sysclk_freq_hz
 .text.get_ahb_freq_hz
                0x0800027c       0x3c ./Core/Src/clock.o
 .text.get_apb1_freq_hz
                0x080002b8       0x3c ./Core/Src/clock.o
                0x080002b8                get_apb1_freq_hz
 .text.PA5_Init
                0x080002f4       0x3c ./Core/Src/gpio.o
                0x080002f4                PA5_Init
 .text.LED_ON   0x08000330       0x20 ./Core/Src/gpio.o
                0x08000330                LED_ON
 .text.LED_OFF  0x08000350       0x20 ./Core/Src/gpio.o
                0x08000350                LED_OFF
 .text.Save_To_History
                0x08000370       0x58 ./Core/Src/main.o
                0x08000370                Save_To_History
 .text.main     0x080003c8      0x3e4 ./Core/Src/main.o
                0x080003c8                main
 .text.NMI_Handler
                0x080007ac        0x8 ./Core/Src/stm32f4xx_it.o
                0x080007ac                NMI_Handler
 .text.HardFault_Handler
                0x080007b4        0x8 ./Core/Src/stm32f4xx_it.o
                0x080007b4                HardFault_Handler
 .text.MemManage_Handler
                0x080007bc        0x8 ./Core/Src/stm32f4xx_it.o
                0x080007bc                MemManage_Handler
 .text.BusFault_Handler
                0x080007c4        0x8 ./Core/Src/stm32f4xx_it.o
                0x080007c4                BusFault_Handler
 .text.UsageFault_Handler
                0x080007cc        0x8 ./Core/Src/stm32f4xx_it.o
                0x080007cc                UsageFault_Handler
 .text.SVC_Handler
                0x080007d4        0xe ./Core/Src/stm32f4xx_it.o
                0x080007d4                SVC_Handler
 .text.DebugMon_Handler
                0x080007e2        0xe ./Core/Src/stm32f4xx_it.o
                0x080007e2                DebugMon_Handler
 .text.PendSV_Handler
                0x080007f0        0xe ./Core/Src/stm32f4xx_it.o
                0x080007f0                PendSV_Handler
 .text.SysTick_Handler
                0x080007fe        0xc ./Core/Src/stm32f4xx_it.o
                0x080007fe                SysTick_Handler
 *fill*         0x0800080a        0x2 
 .text.SystemInit
                0x0800080c       0x24 ./Core/Src/system_stm32f4xx.o
                0x0800080c                SystemInit
 .text.__NVIC_EnableIRQ
                0x08000830       0x3c ./Core/Src/tim2.o
 .text.__NVIC_SetPriority
                0x0800086c       0x54 ./Core/Src/tim2.o
 .text.timer_start
                0x080008c0       0x1e ./Core/Src/tim2.o
                0x080008c0                timer_start
 .text.timer_stop
                0x080008de       0x36 ./Core/Src/tim2.o
                0x080008de                timer_stop
 .text.TIM2_Init
                0x08000914       0x4c ./Core/Src/tim2.o
                0x08000914                TIM2_Init
 .text.TIM2_IRQHandler
                0x08000960       0x4c ./Core/Src/tim2.o
                0x08000960                TIM2_IRQHandler
 .text.UART2_Init
                0x080009ac       0xb0 ./Core/Src/uart2.o
                0x080009ac                UART2_Init
 .text.UART2_SetBaud
                0x08000a5c       0x80 ./Core/Src/uart2.o
                0x08000a5c                UART2_SetBaud
 .text.UART2_SendChar
                0x08000adc       0x30 ./Core/Src/uart2.o
                0x08000adc                UART2_SendChar
 .text.UART2_SendString
                0x08000b0c       0x2c ./Core/Src/uart2.o
                0x08000b0c                UART2_SendString
 .text.UART2_ReadChar
                0x08000b38       0x60 ./Core/Src/uart2.o
                0x08000b38                UART2_ReadChar
 .text.USART2_IRQHandler
                0x08000b98       0x5c ./Core/Src/uart2.o
                0x08000b98                USART2_IRQHandler
 .text.Reset_Handler
                0x08000bf4       0x50 ./Core/Startup/startup_stm32f446retx.o
                0x08000bf4                Reset_Handler
 .text.Default_Handler
                0x08000c44        0x2 ./Core/Startup/startup_stm32f446retx.o
                0x08000c44                RTC_Alarm_IRQHandler
                0x08000c44                EXTI2_IRQHandler
                0x08000c44                TIM8_CC_IRQHandler
                0x08000c44                FMPI2C1_EV_IRQHandler
                0x08000c44                SPI4_IRQHandler
                0x08000c44                TIM1_CC_IRQHandler
                0x08000c44                DMA2_Stream5_IRQHandler
                0x08000c44                DMA1_Stream5_IRQHandler
                0x08000c44                PVD_IRQHandler
                0x08000c44                SDIO_IRQHandler
                0x08000c44                TAMP_STAMP_IRQHandler
                0x08000c44                CAN2_RX1_IRQHandler
                0x08000c44                EXTI3_IRQHandler
                0x08000c44                TIM8_TRG_COM_TIM14_IRQHandler
                0x08000c44                TIM1_UP_TIM10_IRQHandler
                0x08000c44                TIM8_UP_TIM13_IRQHandler
                0x08000c44                I2C3_ER_IRQHandler
                0x08000c44                EXTI0_IRQHandler
                0x08000c44                I2C2_EV_IRQHandler
                0x08000c44                DMA1_Stream2_IRQHandler
                0x08000c44                CAN1_RX0_IRQHandler
                0x08000c44                FPU_IRQHandler
                0x08000c44                OTG_HS_WKUP_IRQHandler
                0x08000c44                CAN2_SCE_IRQHandler
                0x08000c44                DMA2_Stream2_IRQHandler
                0x08000c44                SPI1_IRQHandler
                0x08000c44                TIM6_DAC_IRQHandler
                0x08000c44                TIM1_BRK_TIM9_IRQHandler
                0x08000c44                DCMI_IRQHandler
                0x08000c44                CAN2_RX0_IRQHandler
                0x08000c44                DMA2_Stream3_IRQHandler
                0x08000c44                SAI2_IRQHandler
                0x08000c44                USART6_IRQHandler
                0x08000c44                USART3_IRQHandler
                0x08000c44                CAN1_RX1_IRQHandler
                0x08000c44                UART5_IRQHandler
                0x08000c44                DMA2_Stream0_IRQHandler
                0x08000c44                TIM4_IRQHandler
                0x08000c44                QUADSPI_IRQHandler
                0x08000c44                I2C1_EV_IRQHandler
                0x08000c44                DMA1_Stream6_IRQHandler
                0x08000c44                DMA1_Stream1_IRQHandler
                0x08000c44                UART4_IRQHandler
                0x08000c44                TIM3_IRQHandler
                0x08000c44                RCC_IRQHandler
                0x08000c44                TIM8_BRK_TIM12_IRQHandler
                0x08000c44                Default_Handler
                0x08000c44                CEC_IRQHandler
                0x08000c44                EXTI15_10_IRQHandler
                0x08000c44                ADC_IRQHandler
                0x08000c44                DMA1_Stream7_IRQHandler
                0x08000c44                TIM7_IRQHandler
                0x08000c44                CAN2_TX_IRQHandler
                0x08000c44                TIM5_IRQHandler
                0x08000c44                DMA2_Stream7_IRQHandler
                0x08000c44                I2C3_EV_IRQHandler
                0x08000c44                EXTI9_5_IRQHandler
                0x08000c44                RTC_WKUP_IRQHandler
                0x08000c44                SPDIF_RX_IRQHandler
                0x08000c44                SPI2_IRQHandler
                0x08000c44                OTG_HS_EP1_IN_IRQHandler
                0x08000c44                DMA1_Stream0_IRQHandler
                0x08000c44                CAN1_TX_IRQHandler
                0x08000c44                FMPI2C1_ER_IRQHandler
                0x08000c44                EXTI4_IRQHandler
                0x08000c44                OTG_HS_EP1_OUT_IRQHandler
                0x08000c44                WWDG_IRQHandler
                0x08000c44                OTG_FS_WKUP_IRQHandler
                0x08000c44                TIM1_TRG_COM_TIM11_IRQHandler
                0x08000c44                OTG_HS_IRQHandler
                0x08000c44                EXTI1_IRQHandler
                0x08000c44                I2C2_ER_IRQHandler
                0x08000c44                DMA2_Stream1_IRQHandler
                0x08000c44                CAN1_SCE_IRQHandler
                0x08000c44                FLASH_IRQHandler
                0x08000c44                DMA2_Stream4_IRQHandler
                0x08000c44                USART1_IRQHandler
                0x08000c44                OTG_FS_IRQHandler
                0x08000c44                SPI3_IRQHandler
                0x08000c44                DMA1_Stream4_IRQHandler
                0x08000c44                I2C1_ER_IRQHandler
                0x08000c44                FMC_IRQHandler
                0x08000c44                DMA2_Stream6_IRQHandler
                0x08000c44                SAI1_IRQHandler
                0x08000c44                DMA1_Stream3_IRQHandler
 *fill*         0x08000c46        0x2 
 .text.HAL_IncTick
                0x08000c48       0x28 ./Drivers/STM32F4xx_HAL_Driver/Src/stm32f4xx_hal.o
                0x08000c48                HAL_IncTick
 .text.strncmp  0x08000c70       0x24 D:/Apps/STM32CubeIDE/STM32CubeIDE_1.16.1/STM32CubeIDE/plugins/com.st.stm32cube.ide.mcu.externaltools.gnu-tools-for-stm32.12.3.rel1.win32_1.0.200.202406191623/tools/bin/../lib/gcc/arm-none-eabi/12.3.1/../../../../arm-none-eabi/lib/thumb/v7e-m+fp/hard\libc_nano.a(libc_a-strncmp.o)
                0x08000c70                strncmp
 .text.__libc_init_array
                0x08000c94       0x48 D:/Apps/STM32CubeIDE/STM32CubeIDE_1.16.1/STM32CubeIDE/plugins/com.st.stm32cube.ide.mcu.externaltools.gnu-tools-for-stm32.12.3.rel1.win32_1.0.200.202406191623/tools/bin/../lib/gcc/arm-none-eabi/12.3.1/../../../../arm-none-eabi/lib/thumb/v7e-m+fp/hard\libc_nano.a(libc_a-init.o)
                0x08000c94                __libc_init_array
 .text.strcpy   0x08000cdc       0x10 D:/Apps/STM32CubeIDE/STM32CubeIDE_1.16.1/STM32CubeIDE/plugins/com.st.stm32cube.ide.mcu.externaltools.gnu-tools-for-stm32.12.3.rel1.win32_1.0.200.202406191623/tools/bin/../lib/gcc/arm-none-eabi/12.3.1/../../../../arm-none-eabi/lib/thumb/v7e-m+fp/hard\libc_nano.a(libc_a-strcpy.o)
                0x08000cdc                strcpy
 .text.memcpy   0x08000cec       0x1c D:/Apps/STM32CubeIDE/STM32CubeIDE_1.16.1/STM32CubeIDE/plugins/com.st.stm32cube.ide.mcu.externaltools.gnu-tools-for-stm32.12.3.rel1.win32_1.0.200.202406191623/tools/bin/../lib/gcc/arm-none-eabi/12.3.1/../../../../arm-none-eabi/lib/thumb/v7e-m+fp/hard\libc_nano.a(libc_a-memcpy-stub.o)
                0x08000cec                memcpy
 *(.glue_7)
 .glue_7        0x08000d08        0x0 linker stubs
 *(.glue_7t)
 .glue_7t       0x08000d08        0x0 linker stubs
 *(.eh_frame)
 .eh_frame      0x08000d08        0x0 D:/Apps/STM32CubeIDE/STM32CubeIDE_1.16.1/STM32CubeIDE/plugins/com.st.stm32cube.ide.mcu.externaltools.gnu-tools-for-stm32.12.3.rel1.win32_1.0.200.202406191623/tools/bin/../lib/gcc/arm-none-eabi/12.3.1/thumb/v7e-m+fp/hard/crtbegin.o
 *(.init)
 .init          0x08000d08        0x4 D:/Apps/STM32CubeIDE/STM32CubeIDE_1.16.1/STM32CubeIDE/plugins/com.st.stm32cube.ide.mcu.externaltools.gnu-tools-for-stm32.12.3.rel1.win32_1.0.200.202406191623/tools/bin/../lib/gcc/arm-none-eabi/12.3.1/thumb/v7e-m+fp/hard/crti.o
                0x08000d08                _init
 .init          0x08000d0c        0x8 D:/Apps/STM32CubeIDE/STM32CubeIDE_1.16.1/STM32CubeIDE/plugins/com.st.stm32cube.ide.mcu.externaltools.gnu-tools-for-stm32.12.3.rel1.win32_1.0.200.202406191623/tools/bin/../lib/gcc/arm-none-eabi/12.3.1/thumb/v7e-m+fp/hard/crtn.o
 *(.fini)
 .fini          0x08000d14        0x4 D:/Apps/STM32CubeIDE/STM32CubeIDE_1.16.1/STM32CubeIDE/plugins/com.st.stm32cube.ide.mcu.externaltools.gnu-tools-for-stm32.12.3.rel1.win32_1.0.200.202406191623/tools/bin/../lib/gcc/arm-none-eabi/12.3.1/thumb/v7e-m+fp/hard/crti.o
                0x08000d14                _fini
 .fini          0x08000d18        0x8 D:/Apps/STM32CubeIDE/STM32CubeIDE_1.16.1/STM32CubeIDE/plugins/com.st.stm32cube.ide.mcu.externaltools.gnu-tools-for-stm32.12.3.rel1.win32_1.0.200.202406191623/tools/bin/../lib/gcc/arm-none-eabi/12.3.1/thumb/v7e-m+fp/hard/crtn.o
                0x08000d20                        . = ALIGN (0x4)
                0x08000d20                        _etext = .

.vfp11_veneer   0x08000d20        0x0
 .vfp11_veneer  0x08000d20        0x0 linker stubs

.v4_bx          0x08000d20        0x0
 .v4_bx         0x08000d20        0x0 linker stubs

.iplt           0x08000d20        0x0
 .iplt          0x08000d20        0x0 D:/Apps/STM32CubeIDE/STM32CubeIDE_1.16.1/STM32CubeIDE/plugins/com.st.stm32cube.ide.mcu.externaltools.gnu-tools-for-stm32.12.3.rel1.win32_1.0.200.202406191623/tools/bin/../lib/gcc/arm-none-eabi/12.3.1/thumb/v7e-m+fp/hard/crtbegin.o

.rodata         0x08000d20      0x278
                0x08000d20                        . = ALIGN (0x4)
 *(.rodata)
 .rodata        0x08000d20      0x278 ./Core/Src/main.o
 *(.rodata*)
                0x08000f98                        . = ALIGN (0x4)

.ARM.extab      0x08000f98        0x0
                0x08000f98                        . = ALIGN (0x4)
 *(.ARM.extab* .gnu.linkonce.armextab.*)
                0x08000f98                        . = ALIGN (0x4)

.ARM            0x08000f98        0x8
                0x08000f98                        . = ALIGN (0x4)
                0x08000f98                        __exidx_start = .
 *(.ARM.exidx*)
 .ARM.exidx     0x08000f98        0x8 D:/Apps/STM32CubeIDE/STM32CubeIDE_1.16.1/STM32CubeIDE/plugins/com.st.stm32cube.ide.mcu.externaltools.gnu-tools-for-stm32.12.3.rel1.win32_1.0.200.202406191623/tools/bin/../lib/gcc/arm-none-eabi/12.3.1/../../../../arm-none-eabi/lib/thumb/v7e-m+fp/hard\libc_nano.a(libc_a-strcmp.o)
 .ARM.exidx     0x08000fa0        0x0 D:/Apps/STM32CubeIDE/STM32CubeIDE_1.16.1/STM32CubeIDE/plugins/com.st.stm32cube.ide.mcu.externaltools.gnu-tools-for-stm32.12.3.rel1.win32_1.0.200.202406191623/tools/bin/../lib/gcc/arm-none-eabi/12.3.1/../../../../arm-none-eabi/lib/thumb/v7e-m+fp/hard\libc_nano.a(libc_a-strlen.o)
                                  0x8 (size before relaxing)
                0x08000fa0                        __exidx_end = .
                0x08000fa0                        . = ALIGN (0x4)

.preinit_array  0x08000fa0        0x0
                0x08000fa0                        . = ALIGN (0x4)
                0x08000fa0                        PROVIDE (__preinit_array_start = .)
 *(.preinit_array*)
                0x08000fa0                        PROVIDE (__preinit_array_end = .)
                0x08000fa0                        . = ALIGN (0x4)

.init_array     0x08000fa0        0x4
                0x08000fa0                        . = ALIGN (0x4)
                0x08000fa0                        PROVIDE (__init_array_start = .)
 *(SORT_BY_NAME(.init_array.*))
 *(.init_array*)
 .init_array    0x08000fa0        0x4 D:/Apps/STM32CubeIDE/STM32CubeIDE_1.16.1/STM32CubeIDE/plugins/com.st.stm32cube.ide.mcu.externaltools.gnu-tools-for-stm32.12.3.rel1.win32_1.0.200.202406191623/tools/bin/../lib/gcc/arm-none-eabi/12.3.1/thumb/v7e-m+fp/hard/crtbegin.o
                0x08000fa4                        PROVIDE (__init_array_end = .)
                0x08000fa4                        . = ALIGN (0x4)

.fini_array     0x08000fa4        0x4
                0x08000fa4                        . = ALIGN (0x4)
                [!provide]                        PROVIDE (__fini_array_start = .)
 *(SORT_BY_NAME(.fini_array.*))
 *(.fini_array*)
 .fini_array    0x08000fa4        0x4 D:/Apps/STM32CubeIDE/STM32CubeIDE_1.16.1/STM32CubeIDE/plugins/com.st.stm32cube.ide.mcu.externaltools.gnu-tools-for-stm32.12.3.rel1.win32_1.0.200.202406191623/tools/bin/../lib/gcc/arm-none-eabi/12.3.1/thumb/v7e-m+fp/hard/crtbegin.o
                [!provide]                        PROVIDE (__fini_array_end = .)
                0x08000fa8                        . = ALIGN (0x4)
                0x08000fa8                        _sidata = LOADADDR (.data)

.rel.dyn        0x08000fa8        0x0
 .rel.iplt      0x08000fa8        0x0 D:/Apps/STM32CubeIDE/STM32CubeIDE_1.16.1/STM32CubeIDE/plugins/com.st.stm32cube.ide.mcu.externaltools.gnu-tools-for-stm32.12.3.rel1.win32_1.0.200.202406191623/tools/bin/../lib/gcc/arm-none-eabi/12.3.1/thumb/v7e-m+fp/hard/crtbegin.o

.data           0x20000000        0x4 load address 0x08000fa8
                0x20000000                        . = ALIGN (0x4)
                0x20000000                        _sdata = .
 *(.data)
 *(.data*)
 .data.uwTickFreq
                0x20000000        0x1 ./Drivers/STM32F4xx_HAL_Driver/Src/stm32f4xx_hal.o
                0x20000000                uwTickFreq
 *(.RamFunc)
 *(.RamFunc*)
                0x20000004                        . = ALIGN (0x4)
 *fill*         0x20000001        0x3 
                0x20000004                        _edata = .

.igot.plt       0x20000004        0x0 load address 0x08000fac
 .igot.plt      0x20000004        0x0 D:/Apps/STM32CubeIDE/STM32CubeIDE_1.16.1/STM32CubeIDE/plugins/com.st.stm32cube.ide.mcu.externaltools.gnu-tools-for-stm32.12.3.rel1.win32_1.0.200.202406191623/tools/bin/../lib/gcc/arm-none-eabi/12.3.1/thumb/v7e-m+fp/hard/crtbegin.o
                0x20000004                        . = ALIGN (0x4)

.bss            0x20000004      0x1ec load address 0x08000fac
                0x20000004                        _sbss = .
                0x20000004                        __bss_start__ = _sbss
 *(.bss)
 .bss           0x20000004       0x1c D:/Apps/STM32CubeIDE/STM32CubeIDE_1.16.1/STM32CubeIDE/plugins/com.st.stm32cube.ide.mcu.externaltools.gnu-tools-for-stm32.12.3.rel1.win32_1.0.200.202406191623/tools/bin/../lib/gcc/arm-none-eabi/12.3.1/thumb/v7e-m+fp/hard/crtbegin.o
 *(.bss*)
 .bss.history   0x20000020      0x140 ./Core/Src/main.o
                0x20000020                history
 .bss.browse_index
                0x20000160        0x1 ./Core/Src/main.o
                0x20000160                browse_index
 .bss.write_index
                0x20000161        0x1 ./Core/Src/main.o
                0x20000161                write_index
 .bss.esc_state
                0x20000162        0x1 ./Core/Src/main.o
                0x20000162                esc_state
 .bss.led_state
                0x20000163        0x1 ./Core/Src/main.o
                0x20000163                led_state
 .bss.cmd_buffer
                0x20000164       0x40 ./Core/Src/main.o
                0x20000164                cmd_buffer
 .bss.cmd_index
                0x200001a4        0x1 ./Core/Src/main.o
                0x200001a4                cmd_index
 *fill*         0x200001a5        0x3 
 .bss.rx_buffer
                0x200001a8       0x40 ./Core/Src/uart2.o
                0x200001a8                rx_buffer
 .bss.rx_head   0x200001e8        0x1 ./Core/Src/uart2.o
                0x200001e8                rx_head
 .bss.rx_tail   0x200001e9        0x1 ./Core/Src/uart2.o
                0x200001e9                rx_tail
 *fill*         0x200001ea        0x2 
 .bss.uwTick    0x200001ec        0x4 ./Drivers/STM32F4xx_HAL_Driver/Src/stm32f4xx_hal.o
                0x200001ec                uwTick
 *(COMMON)
                0x200001f0                        . = ALIGN (0x4)
                0x200001f0                        _ebss = .
                0x200001f0                        __bss_end__ = _ebss

._user_heap_stack
                0x200001f0      0x600 load address 0x08000fac
                0x200001f0                        . = ALIGN (0x8)
                [!provide]                        PROVIDE (end = .)
                0x200001f0                        PROVIDE (_end = .)
                0x200003f0                        . = (. + _Min_Heap_Size)
 *fill*         0x200001f0      0x200 
                0x200007f0                        . = (. + _Min_Stack_Size)
 *fill*         0x200003f0      0x400 
                0x200007f0                        . = ALIGN (0x8)

/DISCARD/
 libc.a(*)
 libm.a(*)
 libgcc.a(*)

.ARM.attributes
                0x00000000       0x30
 *(.ARM.attributes)
 .ARM.attributes
                0x00000000       0x22 D:/Apps/STM32CubeIDE/STM32CubeIDE_1.16.1/STM32CubeIDE/plugins/com.st.stm32cube.ide.mcu.externaltools.gnu-tools-for-stm32.12.3.rel1.win32_1.0.200.202406191623/tools/bin/../lib/gcc/arm-none-eabi/12.3.1/thumb/v7e-m+fp/hard/crti.o
 .ARM.attributes
                0x00000022       0x34 D:/Apps/STM32CubeIDE/STM32CubeIDE_1.16.1/STM32CubeIDE/plugins/com.st.stm32cube.ide.mcu.externaltools.gnu-tools-for-stm32.12.3.rel1.win32_1.0.200.202406191623/tools/bin/../lib/gcc/arm-none-eabi/12.3.1/thumb/v7e-m+fp/hard/crtbegin.o
 .ARM.attributes
                0x00000056       0x34 ./Core/Src/clock.o
 .ARM.attributes
                0x0000008a       0x34 ./Core/Src/gpio.o
 .ARM.attributes
                0x000000be       0x34 ./Core/Src/main.o
 .ARM.attributes
                0x000000f2       0x34 ./Core/Src/stm32f4xx_it.o
 .ARM.attributes
                0x00000126       0x34 ./Core/Src/system_stm32f4xx.o
 .ARM.attributes
                0x0000015a       0x34 ./Core/Src/tim2.o
 .ARM.attributes
                0x0000018e       0x34 ./Core/Src/uart2.o
 .ARM.attributes
                0x000001c2       0x21 ./Core/Startup/startup_stm32f446retx.o
 .ARM.attributes
                0x000001e3       0x34 ./Drivers/STM32F4xx_HAL_Driver/Src/stm32f4xx_hal.o
 .ARM.attributes
                0x00000217       0x34 D:/Apps/STM32CubeIDE/STM32CubeIDE_1.16.1/STM32CubeIDE/plugins/com.st.stm32cube.ide.mcu.externaltools.gnu-tools-for-stm32.12.3.rel1.win32_1.0.200.202406191623/tools/bin/../lib/gcc/arm-none-eabi/12.3.1/../../../../arm-none-eabi/lib/thumb/v7e-m+fp/hard\libc_nano.a(libc_a-strncmp.o)
 .ARM.attributes
                0x0000024b       0x34 D:/Apps/STM32CubeIDE/STM32CubeIDE_1.16.1/STM32CubeIDE/plugins/com.st.stm32cube.ide.mcu.externaltools.gnu-tools-for-stm32.12.3.rel1.win32_1.0.200.202406191623/tools/bin/../lib/gcc/arm-none-eabi/12.3.1/../../../../arm-none-eabi/lib/thumb/v7e-m+fp/hard\libc_nano.a(libc_a-init.o)
 .ARM.attributes
                0x0000027f       0x20 D:/Apps/STM32CubeIDE/STM32CubeIDE_1.16.1/STM32CubeIDE/plugins/com.st.stm32cube.ide.mcu.externaltools.gnu-tools-for-stm32.12.3.rel1.win32_1.0.200.202406191623/tools/bin/../lib/gcc/arm-none-eabi/12.3.1/../../../../arm-none-eabi/lib/thumb/v7e-m+fp/hard\libc_nano.a(libc_a-strcmp.o)
 .ARM.attributes
                0x0000029f       0x34 D:/Apps/STM32CubeIDE/STM32CubeIDE_1.16.1/STM32CubeIDE/plugins/com.st.stm32cube.ide.mcu.externaltools.gnu-tools-for-stm32.12.3.rel1.win32_1.0.200.202406191623/tools/bin/../lib/gcc/arm-none-eabi/12.3.1/../../../../arm-none-eabi/lib/thumb/v7e-m+fp/hard\libc_nano.a(libc_a-strcpy.o)
 .ARM.attributes
                0x000002d3       0x34 D:/Apps/STM32CubeIDE/STM32CubeIDE_1.16.1/STM32CubeIDE/plugins/com.st.stm32cube.ide.mcu.externaltools.gnu-tools-for-stm32.12.3.rel1.win32_1.0.200.202406191623/tools/bin/../lib/gcc/arm-none-eabi/12.3.1/../../../../arm-none-eabi/lib/thumb/v7e-m+fp/hard\libc_nano.a(libc_a-memcpy-stub.o)
 .ARM.attributes
                0x00000307       0x17 D:/Apps/STM32CubeIDE/STM32CubeIDE_1.16.1/STM32CubeIDE/plugins/com.st.stm32cube.ide.mcu.externaltools.gnu-tools-for-stm32.12.3.rel1.win32_1.0.200.202406191623/tools/bin/../lib/gcc/arm-none-eabi/12.3.1/../../../../arm-none-eabi/lib/thumb/v7e-m+fp/hard\libc_nano.a(libc_a-strlen.o)
 .ARM.attributes
                0x0000031e       0x22 D:/Apps/STM32CubeIDE/STM32CubeIDE_1.16.1/STM32CubeIDE/plugins/com.st.stm32cube.ide.mcu.externaltools.gnu-tools-for-stm32.12.3.rel1.win32_1.0.200.202406191623/tools/bin/../lib/gcc/arm-none-eabi/12.3.1/thumb/v7e-m+fp/hard/crtn.o
OUTPUT(stm32-cli.elf elf32-littlearm)
LOAD linker stubs
LOAD D:/Apps/STM32CubeIDE/STM32CubeIDE_1.16.1/STM32CubeIDE/plugins/com.st.stm32cube.ide.mcu.externaltools.gnu-tools-for-stm32.12.3.rel1.win32_1.0.200.202406191623/tools/bin/../lib/gcc/arm-none-eabi/12.3.1/../../../../arm-none-eabi/lib/thumb/v7e-m+fp/hard\libc.a
LOAD D:/Apps/STM32CubeIDE/STM32CubeIDE_1.16.1/STM32CubeIDE/plugins/com.st.stm32cube.ide.mcu.externaltools.gnu-tools-for-stm32.12.3.rel1.win32_1.0.200.202406191623/tools/bin/../lib/gcc/arm-none-eabi/12.3.1/../../../../arm-none-eabi/lib/thumb/v7e-m+fp/hard\libm.a
LOAD D:/Apps/STM32CubeIDE/STM32CubeIDE_1.16.1/STM32CubeIDE/plugins/com.st.stm32cube.ide.mcu.externaltools.gnu-tools-for-stm32.12.3.rel1.win32_1.0.200.202406191623/tools/bin/../lib/gcc/arm-none-eabi/12.3.1/thumb/v7e-m+fp/hard\libgcc.a

.debug_info     0x00000000     0x2c74
 .debug_info    0x00000000      0x363 ./Core/Src/clock.o
 .debug_info    0x00000363      0x361 ./Core/Src/gpio.o
 .debug_info    0x000006c4      0x45a ./Core/Src/main.o
 .debug_info    0x00000b1e      0x112 ./Core/Src/stm32f4xx_it.o
 .debug_info    0x00000c30      0x54a ./Core/Src/system_stm32f4xx.o
 .debug_info    0x0000117a      0xaa7 ./Core/Src/tim2.o
 .debug_info    0x00001c21      0x689 ./Core/Src/uart2.o
 .debug_info    0x000022aa       0x30 ./Core/Startup/startup_stm32f446retx.o
 .debug_info    0x000022da      0x99a ./Drivers/STM32F4xx_HAL_Driver/Src/stm32f4xx_hal.o

.debug_abbrev   0x00000000      0xb04
 .debug_abbrev  0x00000000      0x119 ./Core/Src/clock.o
 .debug_abbrev  0x00000119       0xd3 ./Core/Src/gpio.o
 .debug_abbrev  0x000001ec      0x1e0 ./Core/Src/main.o
 .debug_abbrev  0x000003cc       0x73 ./Core/Src/stm32f4xx_it.o
 .debug_abbrev  0x0000043f      0x11a ./Core/Src/system_stm32f4xx.o
 .debug_abbrev  0x00000559      0x187 ./Core/Src/tim2.o
 .debug_abbrev  0x000006e0      0x1ec ./Core/Src/uart2.o
 .debug_abbrev  0x000008cc       0x24 ./Core/Startup/startup_stm32f446retx.o
 .debug_abbrev  0x000008f0      0x214 ./Drivers/STM32F4xx_HAL_Driver/Src/stm32f4xx_hal.o

.debug_aranges  0x00000000      0x2e0
 .debug_aranges
                0x00000000       0x38 ./Core/Src/clock.o
 .debug_aranges
                0x00000038       0x48 ./Core/Src/gpio.o
 .debug_aranges
                0x00000080       0x28 ./Core/Src/main.o
 .debug_aranges
                0x000000a8       0x60 ./Core/Src/stm32f4xx_it.o
 .debug_aranges
                0x00000108       0x28 ./Core/Src/system_stm32f4xx.o
 .debug_aranges
                0x00000130       0x48 ./Core/Src/tim2.o
 .debug_aranges
                0x00000178       0x50 ./Core/Src/uart2.o
 .debug_aranges
                0x000001c8       0x28 ./Core/Startup/startup_stm32f446retx.o
 .debug_aranges
                0x000001f0       0xf0 ./Drivers/STM32F4xx_HAL_Driver/Src/stm32f4xx_hal.o

.debug_rnglists
                0x00000000      0x1ff
 .debug_rnglists
                0x00000000       0x25 ./Core/Src/clock.o
 .debug_rnglists
                0x00000025       0x31 ./Core/Src/gpio.o
 .debug_rnglists
                0x00000056       0x1a ./Core/Src/main.o
 .debug_rnglists
                0x00000070       0x43 ./Core/Src/stm32f4xx_it.o
 .debug_rnglists
                0x000000b3       0x1a ./Core/Src/system_stm32f4xx.o
 .debug_rnglists
                0x000000cd       0x31 ./Core/Src/tim2.o
 .debug_rnglists
                0x000000fe       0x39 ./Core/Src/uart2.o
 .debug_rnglists
                0x00000137       0x19 ./Core/Startup/startup_stm32f446retx.o
 .debug_rnglists
                0x00000150       0xaf ./Drivers/STM32F4xx_HAL_Driver/Src/stm32f4xx_hal.o

.debug_macro    0x00000000    0x202d6
 .debug_macro   0x00000000      0x1ba ./Core/Src/clock.o
 .debug_macro   0x000001ba      0xab4 ./Core/Src/clock.o
 .debug_macro   0x00000c6e       0x2e ./Core/Src/clock.o
 .debug_macro   0x00000c9c       0x28 ./Core/Src/clock.o
 .debug_macro   0x00000cc4       0x22 ./Core/Src/clock.o
 .debug_macro   0x00000ce6       0x8e ./Core/Src/clock.o
 .debug_macro   0x00000d74       0x51 ./Core/Src/clock.o
 .debug_macro   0x00000dc5      0x103 ./Core/Src/clock.o
 .debug_macro   0x00000ec8       0x6a ./Core/Src/clock.o
 .debug_macro   0x00000f32      0x1df ./Core/Src/clock.o
 .debug_macro   0x00001111       0x1c ./Core/Src/clock.o
 .debug_macro   0x0000112d       0x22 ./Core/Src/clock.o
 .debug_macro   0x0000114f       0xfb ./Core/Src/clock.o
 .debug_macro   0x0000124a     0x1011 ./Core/Src/clock.o
 .debug_macro   0x0000225b      0x11f ./Core/Src/clock.o
 .debug_macro   0x0000237a    0x1675e ./Core/Src/clock.o
 .debug_macro   0x00018ad8       0x6d ./Core/Src/clock.o
 .debug_macro   0x00018b45      0x28f ./Core/Src/clock.o
 .debug_macro   0x00018dd4     0x3693 ./Core/Src/clock.o
 .debug_macro   0x0001c467      0x189 ./Core/Src/clock.o
 .debug_macro   0x0001c5f0       0x5c ./Core/Src/clock.o
 .debug_macro   0x0001c64c      0xca5 ./Core/Src/clock.o
 .debug_macro   0x0001d2f1      0x9e9 ./Core/Src/clock.o
 .debug_macro   0x0001dcda      0x115 ./Core/Src/clock.o
 .debug_macro   0x0001ddef      0x1a0 ./Core/Src/clock.o
 .debug_macro   0x0001df8f       0xa5 ./Core/Src/clock.o
 .debug_macro   0x0001e034      0x16d ./Core/Src/clock.o
 .debug_macro   0x0001e1a1      0x287 ./Core/Src/clock.o
 .debug_macro   0x0001e428       0x5f ./Core/Src/clock.o
 .debug_macro   0x0001e487      0x236 ./Core/Src/clock.o
 .debug_macro   0x0001e6bd      0x132 ./Core/Src/clock.o
 .debug_macro   0x0001e7ef      0x29c ./Core/Src/clock.o
 .debug_macro   0x0001ea8b       0x2e ./Core/Src/clock.o
 .debug_macro   0x0001eab9      0x127 ./Core/Src/clock.o
 .debug_macro   0x0001ebe0       0xe8 ./Core/Src/clock.o
 .debug_macro   0x0001ecc8       0x89 ./Core/Src/clock.o
 .debug_macro   0x0001ed51      0x126 ./Core/Src/clock.o
 .debug_macro   0x0001ee77      0x1ba ./Core/Src/gpio.o
 .debug_macro   0x0001f031      0x2a8 ./Core/Src/main.o
 .debug_macro   0x0001f2d9       0x61 ./Core/Src/main.o
 .debug_macro   0x0001f33a       0x2a ./Core/Src/main.o
 .debug_macro   0x0001f364       0x43 ./Core/Src/main.o
 .debug_macro   0x0001f3a7       0x34 ./Core/Src/main.o
 .debug_macro   0x0001f3db       0x16 ./Core/Src/main.o
 .debug_macro   0x0001f3f1       0x43 ./Core/Src/main.o
 .debug_macro   0x0001f434       0x34 ./Core/Src/main.o
 .debug_macro   0x0001f468       0x10 ./Core/Src/main.o
 .debug_macro   0x0001f478       0x58 ./Core/Src/main.o
 .debug_macro   0x0001f4d0       0x8e ./Core/Src/main.o
 .debug_macro   0x0001f55e       0x1c ./Core/Src/main.o
 .debug_macro   0x0001f57a      0x177 ./Core/Src/main.o
 .debug_macro   0x0001f6f1      0x369 ./Core/Src/main.o
 .debug_macro   0x0001fa5a       0x10 ./Core/Src/main.o
 .debug_macro   0x0001fa6a       0x35 ./Core/Src/main.o
 .debug_macro   0x0001fa9f       0x20 ./Core/Src/main.o
 .debug_macro   0x0001fabf      0x1c4 ./Core/Src/stm32f4xx_it.o
 .debug_macro   0x0001fc83      0x1b0 ./Core/Src/system_stm32f4xx.o
 .debug_macro   0x0001fe33       0xc9 ./Core/Src/tim2.o
 .debug_macro   0x0001fefc      0x1ca ./Core/Src/uart2.o
 .debug_macro   0x000200c6      0x210 ./Drivers/STM32F4xx_HAL_Driver/Src/stm32f4xx_hal.o

.debug_line     0x00000000     0x4da4
 .debug_line    0x00000000      0x910 ./Core/Src/clock.o
 .debug_line    0x00000910      0x91f ./Core/Src/gpio.o
 .debug_line    0x0000122f      0xbba ./Core/Src/main.o
 .debug_line    0x00001de9      0x94c ./Core/Src/stm32f4xx_it.o
 .debug_line    0x00002735      0x8ff ./Core/Src/system_stm32f4xx.o
 .debug_line    0x00003034      0x763 ./Core/Src/tim2.o
 .debug_line    0x00003797      0xa1c ./Core/Src/uart2.o
 .debug_line    0x000041b3       0x7a ./Core/Startup/startup_stm32f446retx.o
 .debug_line    0x0000422d      0xb77 ./Drivers/STM32F4xx_HAL_Driver/Src/stm32f4xx_hal.o

.debug_str      0x00000000    0xc47f5
 .debug_str     0x00000000    0xc05de ./Core/Src/clock.o
                              0xc0868 (size before relaxing)
 .debug_str     0x000c05de       0x95 ./Core/Src/gpio.o
                              0xc087b (size before relaxing)
 .debug_str     0x000c0673     0x330a ./Core/Src/main.o
                              0xc3a45 (size before relaxing)
 .debug_str     0x000c397d       0xd3 ./Core/Src/stm32f4xx_it.o
                              0xc077c (size before relaxing)
 .debug_str     0x000c3a50       0xdb ./Core/Src/system_stm32f4xx.o
                              0xc08cb (size before relaxing)
 .debug_str     0x000c3b2b      0x576 ./Core/Src/tim2.o
                              0x8b1d2 (size before relaxing)
 .debug_str     0x000c40a1       0x90 ./Core/Src/uart2.o
                              0xc0967 (size before relaxing)
 .debug_str     0x000c4131       0x44 ./Core/Startup/startup_stm32f446retx.o
                                 0x65 (size before relaxing)
 .debug_str     0x000c4175      0x680 ./Drivers/STM32F4xx_HAL_Driver/Src/stm32f4xx_hal.o
                              0xc1490 (size before relaxing)

.comment        0x00000000       0x43
 .comment       0x00000000       0x43 ./Core/Src/clock.o
                                 0x44 (size before relaxing)
 .comment       0x00000043       0x44 ./Core/Src/gpio.o
 .comment       0x00000043       0x44 ./Core/Src/main.o
 .comment       0x00000043       0x44 ./Core/Src/stm32f4xx_it.o
 .comment       0x00000043       0x44 ./Core/Src/system_stm32f4xx.o
 .comment       0x00000043       0x44 ./Core/Src/tim2.o
 .comment       0x00000043       0x44 ./Core/Src/uart2.o
 .comment       0x00000043       0x44 ./Drivers/STM32F4xx_HAL_Driver/Src/stm32f4xx_hal.o

.debug_frame    0x00000000      0x948
 .debug_frame   0x00000000       0xa4 ./Core/Src/clock.o
 .debug_frame   0x000000a4       0xd0 ./Core/Src/gpio.o
 .debug_frame   0x00000174       0x54 ./Core/Src/main.o
 .debug_frame   0x000001c8      0x104 ./Core/Src/stm32f4xx_it.o
 .debug_frame   0x000002cc       0x58 ./Core/Src/system_stm32f4xx.o
 .debug_frame   0x00000324       0xdc ./Core/Src/tim2.o
 .debug_frame   0x00000400      0x118 ./Core/Src/uart2.o
 .debug_frame   0x00000518      0x374 ./Drivers/STM32F4xx_HAL_Driver/Src/stm32f4xx_hal.o
 .debug_frame   0x0000088c       0x28 D:/Apps/STM32CubeIDE/STM32CubeIDE_1.16.1/STM32CubeIDE/plugins/com.st.stm32cube.ide.mcu.externaltools.gnu-tools-for-stm32.12.3.rel1.win32_1.0.200.202406191623/tools/bin/../lib/gcc/arm-none-eabi/12.3.1/../../../../arm-none-eabi/lib/thumb/v7e-m+fp/hard\libc_nano.a(libc_a-strncmp.o)
 .debug_frame   0x000008b4       0x2c D:/Apps/STM32CubeIDE/STM32CubeIDE_1.16.1/STM32CubeIDE/plugins/com.st.stm32cube.ide.mcu.externaltools.gnu-tools-for-stm32.12.3.rel1.win32_1.0.200.202406191623/tools/bin/../lib/gcc/arm-none-eabi/12.3.1/../../../../arm-none-eabi/lib/thumb/v7e-m+fp/hard\libc_nano.a(libc_a-init.o)
 .debug_frame   0x000008e0       0x20 D:/Apps/STM32CubeIDE/STM32CubeIDE_1.16.1/STM32CubeIDE/plugins/com.st.stm32cube.ide.mcu.externaltools.gnu-tools-for-stm32.12.3.rel1.win32_1.0.200.202406191623/tools/bin/../lib/gcc/arm-none-eabi/12.3.1/../../../../arm-none-eabi/lib/thumb/v7e-m+fp/hard\libc_nano.a(libc_a-strcmp.o)
 .debug_frame   0x00000900       0x20 D:/Apps/STM32CubeIDE/STM32CubeIDE_1.16.1/STM32CubeIDE/plugins/com.st.stm32cube.ide.mcu.externaltools.gnu-tools-for-stm32.12.3.rel1.win32_1.0.200.202406191623/tools/bin/../lib/gcc/arm-none-eabi/12.3.1/../../../../arm-none-eabi/lib/thumb/v7e-m+fp/hard\libc_nano.a(libc_a-strcpy.o)
 .debug_frame   0x00000920       0x28 D:/Apps/STM32CubeIDE/STM32CubeIDE_1.16.1/STM32CubeIDE/plugins/com.st.stm32cube.ide.mcu.externaltools.gnu-tools-for-stm32.12.3.rel1.win32_1.0.200.202406191623/tools/bin/../lib/gcc/arm-none-eabi/12.3.1/../../../../arm-none-eabi/lib/thumb/v7e-m+fp/hard\libc_nano.a(libc_a-memcpy-stub.o)

.debug_line_str
                0x00000000       0x49
 .debug_line_str
                0x00000000       0x49 ./Core/Startup/startup_stm32f446retx.o
